// Jest Snapshot v1, https://goo.gl/fbAQLP

exports[`<HomePage /> should render and match the snapshot 1`] = `
<h1>
  <span>
    This is the ResultPage container!
  </span>
</h1>
`;
