// Jest Snapshot v1, https://goo.gl/fbAQLP

exports[`<HomePage /> should render and match the snapshot 1`] = `
<h1>
  <span>
    This is the MealsPage container!
  </span>
  <button
    type="button"
  >
    TTTTT
  </button>
  <button
    type="button"
  >
    -
  </button>
</h1>
`;
